This is a test file created by the tool testing process.